warning: hey there is a static item here
 --> $DIR/find_item.rs:1:1
  |
1 | static FIND_ITEM: u32 = 4;
  | ^^^^^^^^^^^^^^^^^^^^^^^^^^
  |
  = note: `#[warn(marker_lints::test_lint)]` on by default

warning: 1 warning emitted

